2026-05-20 00:20:46,693 - WARNING - Skipping this check due to fetch failure
2026-05-20 00:20:46,686 - WARNING - No job links found. Page structure may have changed.
2026-05-20 00:20:46,680 - WARNING - Skipping this check due to fetch failure
2026-05-20 00:20:46,674 - WARNING - No job links found. Page structure may have changed.
2026-05-20 00:20:46,665 - INFO - Next check at: 23:20:46 UTC
2026-05-20 00:20:46,157 - INFO - REMOVED: Old Job 2 MMO
2026-05-20 00:20:45,652 - INFO - REMOVED: Old Job 1 MMO
2026-05-20 00:20:45,645 - INFO - Found 4 MMO job(s)
2026-05-20 00:20:45,629 - INFO - Next check at: 23:20:45 UTC
2026-05-20 00:20:45,122 - INFO - NEW: Lead Game Designer - MMO Content MMO Los Angeles, USA
2026-05-20 00:20:44,614 - INFO - NEW: Senior Backend Engineer - MMO Services MMO Seattle, USA
2026-05-20 00:20:44,107 - INFO - NEW: Technical Producer MMO Sydney, Australia
2026-05-20 00:20:43,599 - INFO - NEW: Senior Technical Artist, Animation MMO Los Angeles, USA
2026-05-20 00:20:43,092 - INFO - NEW: Manager, Technical Art - Rendering MMO Sydney, Australia
2026-05-20 00:20:42,586 - INFO - NEW: Manager, Software Engineering – Automation MMO Sydney, Australia
2026-05-20 00:20:42,580 - INFO - Found 6 MMO job(s)
2026-05-20 00:20:42,572 - INFO - Next check at: 23:20:42 UTC
2026-05-20 00:20:42,566 - INFO - No changes detected
2026-05-20 00:20:42,564 - INFO - Found 4 MMO job(s)
2026-05-20 00:19:49,492 - WARNING - Skipping this check due to fetch failure
2026-05-20 00:19:49,486 - WARNING - No job links found. Page structure may have changed.
2026-05-20 00:19:49,480 - WARNING - Skipping this check due to fetch failure
2026-05-20 00:19:49,474 - WARNING - No job links found. Page structure may have changed.
2026-05-20 00:19:49,465 - INFO - Next check at: 23:19:49 UTC
2026-05-20 00:19:48,958 - INFO - REMOVED: Old Job 2 MMO
2026-05-20 00:19:48,452 - INFO - REMOVED: Old Job 1 MMO
2026-05-20 00:19:48,445 - INFO - Found 4 MMO job(s)
2026-05-20 00:19:48,427 - INFO - Next check at: 23:19:48 UTC
2026-05-20 00:19:47,919 - INFO - NEW: Lead Game Designer - MMO Content MMO Los Angeles, USA
2026-05-20 00:19:47,412 - INFO - NEW: Senior Backend Engineer - MMO Services MMO Seattle, USA
2026-05-20 00:19:46,905 - INFO - NEW: Technical Producer MMO Sydney, Australia
2026-05-20 00:19:46,398 - INFO - NEW: Senior Technical Artist, Animation MMO Los Angeles, USA
2026-05-20 00:19:45,890 - INFO - NEW: Manager, Technical Art - Rendering MMO Sydney, Australia
2026-05-20 00:19:45,384 - INFO - NEW: Manager, Software Engineering – Automation MMO Sydney, Australia
2026-05-20 00:19:45,377 - INFO - Found 6 MMO job(s)
2026-05-20 00:19:45,370 - INFO - Next check at: 23:19:45 UTC
2026-05-20 00:19:45,364 - INFO - No changes detected
2026-05-20 00:19:45,362 - INFO - Found 4 MMO job(s)
2026-05-20 00:18:41,716 - WARNING - Skipping this check due to fetch failure
2026-05-20 00:18:41,711 - WARNING - No job links found. Page structure may have changed.
2026-05-20 00:18:41,703 - WARNING - Skipping this check due to fetch failure
2026-05-20 00:18:41,697 - WARNING - No job links found. Page structure may have changed.
2026-05-20 00:18:41,689 - INFO - Next check at: 23:18:41 UTC
2026-05-20 00:18:41,182 - INFO - REMOVED: Old Job 2 MMO
2026-05-20 00:18:40,675 - INFO - REMOVED: Old Job 1 MMO
2026-05-20 00:18:40,668 - INFO - Found 4 MMO job(s)
2026-05-20 00:18:40,652 - INFO - Next check at: 23:18:40 UTC
2026-05-20 00:18:40,144 - INFO - NEW: Lead Game Designer - MMO Content MMO Los Angeles, USA
2026-05-20 00:18:39,637 - INFO - NEW: Senior Backend Engineer - MMO Services MMO Seattle, USA
2026-05-20 00:18:39,130 - INFO - NEW: Technical Producer MMO Sydney, Australia
2026-05-20 00:18:38,623 - INFO - NEW: Senior Technical Artist, Animation MMO Los Angeles, USA
2026-05-20 00:18:38,114 - INFO - NEW: Manager, Technical Art - Rendering MMO Sydney, Australia
2026-05-20 00:18:37,607 - INFO - NEW: Manager, Software Engineering – Automation MMO Sydney, Australia
2026-05-20 00:18:37,601 - INFO - Found 6 MMO job(s)
2026-05-20 00:18:37,592 - INFO - Next check at: 23:18:37 UTC
2026-05-20 00:18:37,585 - INFO - No changes detected
2026-05-20 00:18:37,584 - INFO - Found 4 MMO job(s)
2026-05-20 00:15:07,197 - WARNING - Skipping this check due to fetch failure
2026-05-20 00:15:07,189 - WARNING - No job links found. Page structure may have changed.
2026-05-20 00:15:07,183 - WARNING - Skipping this check due to fetch failure
2026-05-20 00:15:07,177 - WARNING - No job links found. Page structure may have changed.
2026-05-20 00:15:07,166 - INFO - Next check at: 23:15:07 UTC
2026-05-20 00:15:06,660 - INFO - REMOVED: Old Job 2 MMO
2026-05-20 00:15:06,154 - INFO - REMOVED: Old Job 1 MMO
2026-05-20 00:15:06,147 - INFO - Found 4 MMO job(s)
2026-05-20 00:15:06,128 - INFO - Next check at: 23:15:06 UTC
2026-05-20 00:15:05,621 - INFO - NEW: Lead Game Designer - MMO Content MMO Los Angeles, USA
2026-05-20 00:15:05,114 - INFO - NEW: Senior Backend Engineer - MMO Services MMO Seattle, USA
2026-05-20 00:15:04,607 - INFO - NEW: Technical Producer MMO Sydney, Australia
2026-05-20 00:15:04,099 - INFO - NEW: Senior Technical Artist, Animation MMO Los Angeles, USA
2026-05-20 00:15:03,591 - INFO - NEW: Manager, Technical Art - Rendering MMO Sydney, Australia
2026-05-20 00:15:03,085 - INFO - NEW: Manager, Software Engineering – Automation MMO Sydney, Australia
2026-05-20 00:15:03,078 - INFO - Found 6 MMO job(s)
2026-05-20 00:15:03,070 - INFO - Next check at: 23:15:03 UTC
2026-05-20 00:15:03,063 - INFO - No changes detected
2026-05-20 00:15:03,062 - INFO - Found 4 MMO job(s)
2026-05-20 00:05:51,777 - WARNING - Skipping this check due to fetch failure
2026-05-20 00:05:51,771 - WARNING - No job links found. Page structure may have changed.
2026-05-20 00:05:51,764 - WARNING - Skipping this check due to fetch failure
2026-05-20 00:05:51,757 - WARNING - No job links found. Page structure may have changed.
2026-05-20 00:05:51,747 - INFO - Next check at: 23:05:51 UTC
2026-05-20 00:05:51,240 - INFO - REMOVED: Old Job 2 MMO
2026-05-20 00:05:50,735 - INFO - REMOVED: Old Job 1 MMO
2026-05-20 00:05:50,728 - INFO - Found 4 MMO job(s)
2026-05-20 00:05:50,710 - INFO - Next check at: 23:05:50 UTC
2026-05-20 00:05:50,204 - INFO - NEW: Lead Game Designer - MMO Content MMO Los Angeles, USA
2026-05-20 00:05:49,696 - INFO - NEW: Senior Backend Engineer - MMO Services MMO Seattle, USA
2026-05-20 00:05:49,187 - INFO - NEW: Technical Producer MMO Sydney, Australia
2026-05-20 00:05:48,681 - INFO - NEW: Senior Technical Artist, Animation MMO Los Angeles, USA
2026-05-20 00:05:48,174 - INFO - NEW: Manager, Technical Art - Rendering MMO Sydney, Australia
2026-05-20 00:05:47,667 - INFO - NEW: Manager, Software Engineering – Automation MMO Sydney, Australia
2026-05-20 00:05:47,660 - INFO - Found 6 MMO job(s)
2026-05-20 00:05:47,653 - INFO - Next check at: 23:05:47 UTC
2026-05-20 00:05:47,647 - INFO - No changes detected
2026-05-20 00:05:47,644 - INFO - Found 4 MMO job(s)
2026-05-20 00:01:32,529 - WARNING - Skipping this check due to fetch failure
2026-05-20 00:01:32,523 - WARNING - No job links found. Page structure may have changed.
2026-05-20 00:01:32,516 - WARNING - No MMO jobs found but 2 were previously tracked — possible page issue, skipping removal alerts
2026-05-20 00:01:32,510 - WARNING - No MMO jobs found in current listings
2026-05-20 00:01:32,502 - WARNING - Skipping this check due to fetch failure
2026-05-20 00:01:32,497 - WARNING - No job links found. Page structure may have changed.
2026-05-20 00:01:32,488 - INFO - Next check at: 23:01:32 UTC
2026-05-20 00:01:31,980 - INFO - REMOVED: Old Job 2 MMO
2026-05-20 00:01:31,475 - INFO - REMOVED: Old Job 1 MMO
2026-05-20 00:01:31,468 - INFO - Found 4 MMO job(s)
2026-05-20 00:01:31,451 - INFO - Next check at: 23:01:31 UTC
2026-05-20 00:01:30,943 - INFO - NEW: Lead Game Designer - MMO Content MMO Los Angeles, USA
2026-05-20 00:01:30,435 - INFO - NEW: Senior Backend Engineer - MMO Services MMO Seattle, USA
2026-05-20 00:01:29,928 - INFO - NEW: Technical Producer MMO Sydney, Australia
2026-05-20 00:01:29,420 - INFO - NEW: Senior Technical Artist, Animation MMO Los Angeles, USA
2026-05-20 00:01:28,913 - INFO - NEW: Manager, Technical Art - Rendering MMO Sydney, Australia
2026-05-20 00:01:28,407 - INFO - NEW: Manager, Software Engineering – Automation MMO Sydney, Australia
2026-05-20 00:01:28,401 - INFO - Found 6 MMO job(s)
2026-05-20 00:01:28,394 - INFO - Next check at: 23:01:28 UTC
2026-05-20 00:01:28,388 - INFO - No changes detected
2026-05-20 00:01:28,386 - INFO - Found 4 MMO job(s)
2026-05-19 23:59:17,945 - WARNING - Skipping this check due to fetch failure
2026-05-19 23:59:17,938 - WARNING - No job links found. Page structure may have changed.
2026-05-19 23:59:17,931 - INFO - Next check at: 22:59:17 UTC
2026-05-19 23:59:17,423 - INFO - REMOVED: Job 2 MMO
2026-05-19 23:59:16,918 - INFO - REMOVED: Job 1 MMO
2026-05-19 23:59:16,912 - WARNING - No MMO jobs confirmed across 2 consecutive checks — sending removal alerts
2026-05-19 23:59:16,901 - WARNING - No MMO jobs found in current listings
2026-05-19 23:59:16,893 - WARNING - No MMO jobs found but 2 previously tracked — waiting to confirm (check 1/2)
2026-05-19 23:59:16,887 - WARNING - No MMO jobs found in current listings
2026-05-19 23:59:16,880 - WARNING - Skipping this check due to fetch failure
2026-05-19 23:59:16,874 - WARNING - No job links found. Page structure may have changed.
2026-05-19 23:59:16,865 - INFO - Next check at: 22:59:16 UTC
2026-05-19 23:59:16,357 - INFO - REMOVED: Old Job 2 MMO
2026-05-19 23:59:15,851 - INFO - REMOVED: Old Job 1 MMO
2026-05-19 23:59:15,844 - INFO - Found 4 MMO job(s)
2026-05-19 23:59:15,828 - INFO - Next check at: 22:59:15 UTC
2026-05-19 23:59:15,320 - INFO - NEW: Lead Game Designer - MMO Content MMO Los Angeles, USA
2026-05-19 23:59:14,813 - INFO - NEW: Senior Backend Engineer - MMO Services MMO Seattle, USA
2026-05-19 23:59:14,306 - INFO - NEW: Technical Producer MMO Sydney, Australia
2026-05-19 23:59:13,799 - INFO - NEW: Senior Technical Artist, Animation MMO Los Angeles, USA
2026-05-19 23:59:13,292 - INFO - NEW: Manager, Technical Art - Rendering MMO Sydney, Australia
2026-05-19 23:59:12,786 - INFO - NEW: Manager, Software Engineering – Automation MMO Sydney, Australia
2026-05-19 23:59:12,780 - INFO - Found 6 MMO job(s)
2026-05-19 23:59:12,772 - INFO - Next check at: 22:59:12 UTC
2026-05-19 23:59:12,766 - INFO - No changes detected
2026-05-19 23:59:12,764 - INFO - Found 4 MMO job(s)
2026-05-19 23:56:48,939 - WARNING - Skipping this check due to fetch failure
2026-05-19 23:56:48,933 - WARNING - No job links found. Page structure may have changed.
2026-05-19 23:56:48,926 - WARNING - No MMO jobs found but 2 were previously tracked — possible page issue, skipping removal alerts
2026-05-19 23:56:48,916 - WARNING - No MMO jobs found in current listings
2026-05-19 23:56:48,909 - WARNING - Skipping this check due to fetch failure
2026-05-19 23:56:48,903 - WARNING - No job links found. Page structure may have changed.
2026-05-19 23:56:48,895 - INFO - Next check at: 22:56:48 UTC
2026-05-19 23:56:48,387 - INFO - REMOVED: Old Job 2 MMO
2026-05-19 23:56:47,881 - INFO - REMOVED: Old Job 1 MMO
2026-05-19 23:56:47,875 - INFO - Found 4 MMO job(s)
2026-05-19 23:56:47,859 - INFO - Next check at: 22:56:47 UTC
2026-05-19 23:56:47,352 - INFO - NEW: Lead Game Designer - MMO Content MMO Los Angeles, USA
2026-05-19 23:56:46,846 - INFO - NEW: Senior Backend Engineer - MMO Services MMO Seattle, USA
2026-05-19 23:56:46,338 - INFO - NEW: Technical Producer MMO Sydney, Australia
2026-05-19 23:56:45,830 - INFO - NEW: Senior Technical Artist, Animation MMO Los Angeles, USA
2026-05-19 23:56:45,322 - INFO - NEW: Manager, Technical Art - Rendering MMO Sydney, Australia
2026-05-19 23:56:44,816 - INFO - NEW: Manager, Software Engineering – Automation MMO Sydney, Australia
2026-05-19 23:56:44,810 - INFO - Found 6 MMO job(s)
2026-05-19 23:56:44,802 - INFO - Next check at: 22:56:44 UTC
2026-05-19 23:56:44,796 - INFO - No changes detected
2026-05-19 23:56:44,794 - INFO - Found 4 MMO job(s)
2026-05-19 23:54:58,007 - WARNING - Skipping this check due to fetch failure
2026-05-19 23:54:58,001 - WARNING - No job links found. Page structure may have changed.
2026-05-19 23:54:57,994 - WARNING - Skipping this check due to fetch failure
2026-05-19 23:54:57,988 - WARNING - No job links found. Page structure may have changed.
2026-05-19 23:54:57,978 - INFO - Next check at: 22:54:57 UTC
2026-05-19 23:54:57,471 - INFO - REMOVED: Old Job 2 MMO
2026-05-19 23:54:56,965 - INFO - REMOVED: Old Job 1 MMO
2026-05-19 23:54:56,958 - INFO - Found 4 MMO job(s)
2026-05-19 23:54:56,942 - INFO - Next check at: 22:54:56 UTC
2026-05-19 23:54:56,435 - INFO - NEW: Lead Game Designer - MMO Content MMO Los Angeles, USA
2026-05-19 23:54:55,927 - INFO - NEW: Senior Backend Engineer - MMO Services MMO Seattle, USA
2026-05-19 23:54:55,420 - INFO - NEW: Technical Producer MMO Sydney, Australia
2026-05-19 23:54:54,913 - INFO - NEW: Senior Technical Artist, Animation MMO Los Angeles, USA
2026-05-19 23:54:54,405 - INFO - NEW: Manager, Technical Art - Rendering MMO Sydney, Australia
2026-05-19 23:54:53,898 - INFO - NEW: Manager, Software Engineering – Automation MMO Sydney, Australia
2026-05-19 23:54:53,891 - INFO - Found 6 MMO job(s)
2026-05-19 23:54:53,884 - INFO - Next check at: 22:54:53 UTC
2026-05-19 23:54:53,877 - INFO - No changes detected
2026-05-19 23:54:53,875 - INFO - Found 4 MMO job(s)
2026-05-19 23:54:14,617 - WARNING - Skipping this check due to fetch failure
2026-05-19 23:54:14,611 - WARNING - No job links found. Page structure may have changed.
2026-05-19 23:54:14,605 - WARNING - Skipping this check due to fetch failure
2026-05-19 23:54:14,599 - WARNING - No job links found. Page structure may have changed.
2026-05-19 23:54:14,589 - INFO - Next check at: 22:54:14 UTC
2026-05-19 23:54:14,081 - INFO - REMOVED: Old Job 2 MMO
2026-05-19 23:54:13,575 - INFO - REMOVED: Old Job 1 MMO
2026-05-19 23:54:13,569 - INFO - Found 4 MMO job(s)
2026-05-19 23:54:13,553 - INFO - Next check at: 22:54:13 UTC
2026-05-19 23:54:13,046 - INFO - NEW: Lead Game Designer - MMO Content MMO Los Angeles, USA
2026-05-19 23:54:12,539 - INFO - NEW: Senior Backend Engineer - MMO Services MMO Seattle, USA
2026-05-19 23:54:12,032 - INFO - NEW: Technical Producer MMO Sydney, Australia
2026-05-19 23:54:11,526 - INFO - NEW: Senior Technical Artist, Animation MMO Los Angeles, USA
2026-05-19 23:54:11,020 - INFO - NEW: Manager, Technical Art - Rendering MMO Sydney, Australia
2026-05-19 23:54:10,514 - INFO - NEW: Manager, Software Engineering – Automation MMO Sydney, Australia
2026-05-19 23:54:10,508 - INFO - Found 6 MMO job(s)
2026-05-19 23:54:10,500 - INFO - Next check at: 22:54:10 UTC
2026-05-19 23:54:10,495 - INFO - No changes detected
2026-05-19 23:54:10,494 - INFO - Found 4 MMO job(s)
2026-05-19 23:53:39,791 - WARNING - Skipping this check due to fetch failure
2026-05-19 23:53:39,785 - WARNING - No job links found. Page structure may have changed.
2026-05-19 23:53:39,778 - WARNING - Skipping this check due to fetch failure
2026-05-19 23:53:39,772 - WARNING - No job links found. Page structure may have changed.
2026-05-19 23:53:39,763 - INFO - Next check at: 22:53:39 UTC
2026-05-19 23:53:39,254 - INFO - REMOVED: Old Job 2 MMO
2026-05-19 23:53:38,749 - INFO - REMOVED: Old Job 1 MMO
2026-05-19 23:53:38,742 - INFO - Found 4 MMO job(s)
2026-05-19 23:53:38,724 - INFO - Next check at: 22:53:38 UTC
2026-05-19 23:53:38,217 - INFO - NEW: Lead Game Designer - MMO Content MMO Los Angeles, USA
2026-05-19 23:53:37,710 - INFO - NEW: Senior Backend Engineer - MMO Services MMO Seattle, USA
2026-05-19 23:53:37,203 - INFO - NEW: Technical Producer MMO Sydney, Australia
2026-05-19 23:53:36,697 - INFO - NEW: Senior Technical Artist, Animation MMO Los Angeles, USA
2026-05-19 23:53:36,190 - INFO - NEW: Manager, Technical Art - Rendering MMO Sydney, Australia
2026-05-19 23:53:35,684 - INFO - NEW: Manager, Software Engineering – Automation MMO Sydney, Australia
2026-05-19 23:53:35,677 - INFO - Found 6 MMO job(s)
2026-05-19 23:53:35,664 - INFO - Next check at: 22:53:35 UTC
2026-05-19 23:53:35,659 - INFO - No changes detected
2026-05-19 23:53:35,653 - INFO - Found 4 MMO job(s)
2026-05-19 23:29:59,319 - WARNING - Skipping this check due to fetch failure
2026-05-19 23:29:59,314 - WARNING - No job links found. Page structure may have changed.
2026-05-19 23:29:59,309 - WARNING - Skipping this check due to fetch failure
2026-05-19 23:29:59,304 - WARNING - No job links found. Page structure may have changed.
2026-05-19 23:29:59,297 - INFO - Next check at: 22:29:59 UTC
2026-05-19 23:29:58,790 - INFO - REMOVED: Old Job 2 MMO
2026-05-19 23:29:58,284 - INFO - REMOVED: Old Job 1 MMO
2026-05-19 23:29:58,279 - INFO - Found 4 MMO job(s)
2026-05-19 23:29:58,264 - INFO - Next check at: 22:29:58 UTC
2026-05-19 23:29:57,756 - INFO - NEW: Lead Game Designer - MMO Content MMO Los Angeles, USA
2026-05-19 23:29:57,250 - INFO - NEW: Senior Backend Engineer - MMO Services MMO Seattle, USA
2026-05-19 23:29:56,743 - INFO - NEW: Technical Producer MMO Sydney, Australia
2026-05-19 23:29:56,236 - INFO - NEW: Senior Technical Artist, Animation MMO Los Angeles, USA
2026-05-19 23:29:55,730 - INFO - NEW: Manager, Technical Art - Rendering MMO Sydney, Australia
2026-05-19 23:29:55,224 - INFO - NEW: Manager, Software Engineering – Automation MMO Sydney, Australia
2026-05-19 23:29:55,218 - INFO - Found 6 MMO job(s)
2026-05-19 23:29:55,211 - INFO - Next check at: 22:29:55 UTC
2026-05-19 23:29:55,205 - INFO - No changes detected
2026-05-19 23:29:55,203 - INFO - Found 4 MMO job(s)
2026-05-19 22:23:13,445 - INFO - Found 4 MMO job(s)
2026-05-19 22:23:13,857 - INFO - NEW: Manager, Software Engineering – Automation & Build Systems, Unpublished R&D Product Software Engineering Group MMO Sydney, Australia
2026-05-19 22:23:14,310 - INFO - NEW: Manager, Technical Art - Rendering, Unpublished R&D Product Art MMO Sydney, Australia
2026-05-19 22:23:14,699 - INFO - NEW: Senior Technical Artist, Animation - Unpublished R&D Product Art MMO Los Angeles, USA
2026-05-19 22:23:15,292 - INFO - NEW: Technical Producer - Unpublished R&D Product Production Group MMO Sydney, Australia
2026-05-19 22:23:15,292 - INFO - Next check at: 21:23:15 UTC
2026-05-19 22:23:15,293 - INFO - Found 6 MMO job(s)
2026-05-19 22:23:15,739 - INFO - NEW: Manager, Software Engineering – Automation & Build Systems, Unpublished R&D Product Software Engineering Group MMO Sydney, Australia
2026-05-19 22:23:16,162 - INFO - NEW: Manager, Technical Art - Rendering, Unpublished R&D Product Art MMO Sydney, Australia
2026-05-19 22:23:16,577 - INFO - NEW: Senior Technical Artist, Animation - Unpublished R&D Product Art MMO Los Angeles, USA
2026-05-19 22:23:17,168 - INFO - NEW: Technical Producer - Unpublished R&D Product Production Group MMO Sydney, Australia
2026-05-19 22:23:17,575 - INFO - NEW: Senior Backend Engineer - MMO Services, Unpublished R&D Product Engineering Group MMO Seattle, USA
2026-05-19 22:23:18,089 - INFO - NEW: Lead Game Designer - MMO Content, Unpublished R&D Product Design Group MMO Los Angeles, USA
2026-05-19 22:23:18,089 - INFO - Next check at: 21:23:18 UTC
2026-05-19 22:23:18,091 - INFO - Found 4 MMO job(s)
2026-05-19 22:23:19,010 - INFO - REMOVED: Senior Backend Engineer - MMO Services
2026-05-19 22:23:19,477 - INFO - REMOVED: Lead Game Designer - MMO Content
2026-05-19 22:23:19,478 - INFO - Next check at: 21:23:19 UTC
2026-05-19 22:23:19,479 - WARNING - No job links found. Page structure may have changed.
2026-05-19 22:23:19,479 - WARNING - Skipping this check due to fetch failure
2026-05-19 22:23:19,479 - WARNING - No job links found. Page structure may have changed.
2026-05-19 22:23:19,479 - WARNING - Skipping this check due to fetch failure
2026-05-19 22:29:46,719 - INFO - Found 4 MMO job(s)
2026-05-19 22:29:47,220 - INFO - NEW: Manager, Software Engineering – Automation & Build Systems, Unpublished R&D Product Software Engineering Group MMO Sydney, Australia
2026-05-19 22:29:47,726 - INFO - NEW: Manager, Technical Art - Rendering, Unpublished R&D Product Art MMO Sydney, Australia
2026-05-19 22:29:48,171 - INFO - NEW: Senior Technical Artist, Animation - Unpublished R&D Product Art MMO Los Angeles, USA
2026-05-19 22:29:48,731 - INFO - NEW: Technical Producer - Unpublished R&D Product Production Group MMO Sydney, Australia
2026-05-19 22:29:48,731 - INFO - Next check at: 21:29:48 UTC
2026-05-19 22:29:48,733 - INFO - Found 6 MMO job(s)
2026-05-19 22:29:49,168 - INFO - NEW: Manager, Software Engineering – Automation & Build Systems, Unpublished R&D Product Software Engineering Group MMO Sydney, Australia
2026-05-19 22:29:49,588 - INFO - NEW: Manager, Technical Art - Rendering, Unpublished R&D Product Art MMO Sydney, Australia
2026-05-19 22:29:50,130 - INFO - NEW: Senior Technical Artist, Animation - Unpublished R&D Product Art MMO Los Angeles, USA
2026-05-19 22:29:50,821 - INFO - NEW: Technical Producer - Unpublished R&D Product Production Group MMO Sydney, Australia
2026-05-19 22:29:51,245 - INFO - NEW: Senior Backend Engineer - MMO Services, Unpublished R&D Product Engineering Group MMO Seattle, USA
2026-05-19 22:29:52,693 - INFO - NEW: Lead Game Designer - MMO Content, Unpublished R&D Product Design Group MMO Los Angeles, USA
2026-05-19 22:29:52,693 - INFO - Next check at: 21:29:52 UTC
2026-05-19 22:29:52,695 - INFO - Found 4 MMO job(s)
2026-05-19 22:29:53,194 - INFO - REMOVED: Senior Backend Engineer - MMO Services
2026-05-19 22:29:53,728 - INFO - REMOVED: Lead Game Designer - MMO Content
2026-05-19 22:29:53,728 - INFO - Next check at: 21:29:53 UTC
2026-05-19 22:29:53,730 - WARNING - No job links found. Page structure may have changed.
2026-05-19 22:29:53,730 - WARNING - Skipping this check due to fetch failure
2026-05-19 22:29:53,730 - WARNING - No job links found. Page structure may have changed.
2026-05-19 22:29:53,730 - WARNING - Skipping this check due to fetch failure
2026-05-19 22:29:53,732 - INFO - Found 6 MMO job(s)
2026-05-19 22:29:54,392 - INFO - NEW: Manager, Software Engineering – Automation & Build Systems, Unpublished R&D Product Software Engineering Group MMO Sydney, Australia
2026-05-19 22:29:54,821 - INFO - NEW: Manager, Technical Art - Rendering, Unpublished R&D Product Art MMO Sydney, Australia
2026-05-19 22:29:55,254 - INFO - NEW: Senior Technical Artist, Animation - Unpublished R&D Product Art MMO Los Angeles, USA
2026-05-19 22:29:55,710 - INFO - NEW: Technical Producer - Unpublished R&D Product Production Group MMO Sydney, Australia
2026-05-19 22:29:56,136 - INFO - NEW: Senior Backend Engineer - MMO Services, Unpublished R&D Product Engineering Group MMO Seattle, USA
2026-05-19 22:29:56,611 - INFO - NEW: Lead Game Designer - MMO Content, Unpublished R&D Product Design Group MMO Los Angeles, USA
2026-05-19 22:29:56,612 - INFO - Next check at: 21:29:56 UTC
2026-05-19 22:30:10,232 - INFO - Found 4 MMO job(s)
2026-05-19 22:30:10,237 - INFO - No changes detected
2026-05-19 22:30:10,237 - INFO - Next check at: 21:30:10 UTC
2026-05-19 22:30:10,239 - INFO - Found 6 MMO job(s)
2026-05-19 22:30:10,779 - INFO - NEW: Manager, Software Engineering – Automation & Build Systems, Unpublished R&D Product Software Engineering Group MMO Sydney, Australia
2026-05-19 22:30:11,237 - INFO - NEW: Manager, Technical Art - Rendering, Unpublished R&D Product Art MMO Sydney, Australia
2026-05-19 22:30:11,756 - INFO - NEW: Senior Technical Artist, Animation - Unpublished R&D Product Art MMO Los Angeles, USA
2026-05-19 22:30:12,216 - INFO - NEW: Technical Producer - Unpublished R&D Product Production Group MMO Sydney, Australia
2026-05-19 22:30:12,745 - INFO - NEW: Senior Backend Engineer - MMO Services, Unpublished R&D Product Engineering Group MMO Seattle, USA
2026-05-19 22:30:13,236 - INFO - NEW: Lead Game Designer - MMO Content, Unpublished R&D Product Design Group MMO Los Angeles, USA
2026-05-19 22:30:13,236 - INFO - Next check at: 21:30:13 UTC
2026-05-19 22:30:13,238 - INFO - Found 4 MMO job(s)
2026-05-19 22:30:13,801 - INFO - REMOVED: Senior Backend Engineer - MMO Services
2026-05-19 22:30:14,286 - INFO - REMOVED: Lead Game Designer - MMO Content
2026-05-19 22:30:14,287 - INFO - Next check at: 21:30:14 UTC
2026-05-19 22:30:14,288 - WARNING - No job links found. Page structure may have changed.
2026-05-19 22:30:14,288 - WARNING - Skipping this check due to fetch failure
2026-05-19 22:30:14,289 - WARNING - No job links found. Page structure may have changed.
2026-05-19 22:30:14,289 - WARNING - Skipping this check due to fetch failure
2026-05-19 22:30:14,290 - INFO - Found 6 MMO job(s)
2026-05-19 22:30:14,702 - INFO - NEW: Manager, Software Engineering – Automation & Build Systems, Unpublished R&D Product Software Engineering Group MMO Sydney, Australia
2026-05-19 22:30:15,247 - INFO - NEW: Manager, Technical Art - Rendering, Unpublished R&D Product Art MMO Sydney, Australia
2026-05-19 22:30:15,700 - INFO - NEW: Senior Technical Artist, Animation - Unpublished R&D Product Art MMO Los Angeles, USA
2026-05-19 22:30:16,273 - INFO - NEW: Technical Producer - Unpublished R&D Product Production Group MMO Sydney, Australia
2026-05-19 22:30:16,830 - INFO - NEW: Senior Backend Engineer - MMO Services, Unpublished R&D Product Engineering Group MMO Seattle, USA
2026-05-19 22:30:17,288 - INFO - NEW: Lead Game Designer - MMO Content, Unpublished R&D Product Design Group MMO Los Angeles, USA
2026-05-19 22:30:17,288 - INFO - Next check at: 21:30:17 UTC
2026-05-19 22:32:12,115 - INFO - Found 4 MMO job(s)
2026-05-19 22:32:12,121 - INFO - No changes detected
2026-05-19 22:32:12,121 - INFO - Next check at: 21:32:12 UTC
2026-05-19 22:32:12,122 - INFO - Found 6 MMO job(s)
2026-05-19 22:32:12,123 - INFO - NEW: Manager, Software Engineering – Automation & Build Systems, Unpublished R&D Product Software Engineering Group MMO Sydney, Australia
2026-05-19 22:32:12,123 - INFO - NEW: Manager, Technical Art - Rendering, Unpublished R&D Product Art MMO Sydney, Australia
2026-05-19 22:32:12,123 - INFO - NEW: Senior Technical Artist, Animation - Unpublished R&D Product Art MMO Los Angeles, USA
2026-05-19 22:32:12,123 - INFO - NEW: Technical Producer - Unpublished R&D Product Production Group MMO Sydney, Australia
2026-05-19 22:32:12,123 - INFO - NEW: Senior Backend Engineer - MMO Services, Unpublished R&D Product Engineering Group MMO Seattle, USA
2026-05-19 22:32:12,123 - INFO - NEW: Lead Game Designer - MMO Content, Unpublished R&D Product Design Group MMO Los Angeles, USA
2026-05-19 22:32:12,123 - INFO - Next check at: 21:32:12 UTC
2026-05-19 22:32:12,124 - INFO - Found 4 MMO job(s)
2026-05-19 22:32:12,539 - INFO - REMOVED: Senior Backend Engineer - MMO Services
2026-05-19 22:32:12,944 - INFO - REMOVED: Lead Game Designer - MMO Content
2026-05-19 22:32:12,944 - INFO - Next check at: 21:32:12 UTC
2026-05-19 22:32:12,945 - WARNING - No job links found. Page structure may have changed.
2026-05-19 22:32:12,946 - WARNING - Skipping this check due to fetch failure
2026-05-19 22:32:12,946 - WARNING - No job links found. Page structure may have changed.
2026-05-19 22:32:12,946 - WARNING - Skipping this check due to fetch failure
2026-05-19 22:32:12,948 - INFO - Found 6 MMO job(s)
2026-05-19 22:32:12,948 - INFO - NEW: Manager, Software Engineering – Automation & Build Systems, Unpublished R&D Product Software Engineering Group MMO Sydney, Australia
2026-05-19 22:32:12,948 - INFO - NEW: Manager, Technical Art - Rendering, Unpublished R&D Product Art MMO Sydney, Australia
2026-05-19 22:32:12,948 - INFO - NEW: Senior Technical Artist, Animation - Unpublished R&D Product Art MMO Los Angeles, USA
2026-05-19 22:32:12,948 - INFO - NEW: Technical Producer - Unpublished R&D Product Production Group MMO Sydney, Australia
2026-05-19 22:32:12,948 - INFO - NEW: Senior Backend Engineer - MMO Services, Unpublished R&D Product Engineering Group MMO Seattle, USA
2026-05-19 22:32:12,948 - INFO - NEW: Lead Game Designer - MMO Content, Unpublished R&D Product Design Group MMO Los Angeles, USA
2026-05-19 22:32:12,948 - INFO - Next check at: 21:32:12 UTC
2026-05-19 22:33:20,403 - INFO - Found 4 MMO job(s)
2026-05-19 22:33:20,968 - INFO - NEW: Manager, Software Engineering – Automation & Build Systems, Unpublished R&D Product Software Engineering Group MMO Sydney, Australia
2026-05-19 22:33:21,409 - INFO - NEW: Manager, Technical Art - Rendering, Unpublished R&D Product Art MMO Sydney, Australia
2026-05-19 22:33:21,871 - INFO - NEW: Senior Technical Artist, Animation - Unpublished R&D Product Art MMO Los Angeles, USA
2026-05-19 22:33:22,326 - INFO - NEW: Technical Producer - Unpublished R&D Product Production Group MMO Sydney, Australia
2026-05-19 22:33:22,747 - INFO - REMOVED: Senior Backend Engineer - MMO Services
2026-05-19 22:33:23,303 - INFO - REMOVED: Lead Game Designer - MMO Content
2026-05-19 22:33:23,304 - INFO - Next check at: 21:33:23 UTC
2026-05-19 22:35:30,484 - INFO - Found 4 MMO job(s)
2026-05-19 22:35:30,490 - INFO - No changes detected
2026-05-19 22:35:30,490 - INFO - Next check at: 21:35:30 UTC
2026-05-19 22:35:30,492 - INFO - Found 6 MMO job(s)
2026-05-19 22:35:30,492 - INFO - NEW: Manager, Software Engineering – Automation MMO Sydney, Australia
2026-05-19 22:35:30,492 - INFO - NEW: Manager, Technical Art - Rendering MMO Sydney, Australia
2026-05-19 22:35:30,492 - INFO - NEW: Senior Technical Artist, Animation MMO Los Angeles, USA
2026-05-19 22:35:30,492 - INFO - NEW: Technical Producer MMO Sydney, Australia
2026-05-19 22:35:30,492 - INFO - NEW: Senior Backend Engineer - MMO Services MMO Seattle, USA
2026-05-19 22:35:30,492 - INFO - NEW: Lead Game Designer - MMO Content MMO Los Angeles, USA
2026-05-19 22:35:30,492 - INFO - Next check at: 21:35:30 UTC
2026-05-19 22:35:30,494 - INFO - Found 4 MMO job(s)
2026-05-19 22:35:30,498 - INFO - REMOVED: Old Job 1 MMO
2026-05-19 22:35:30,498 - INFO - REMOVED: Old Job 2 MMO
2026-05-19 22:35:30,498 - INFO - Next check at: 21:35:30 UTC
2026-05-19 22:35:30,500 - WARNING - No job links found. Page structure may have changed.
2026-05-19 22:35:30,500 - WARNING - Skipping this check due to fetch failure
2026-05-19 22:35:30,501 - WARNING - No job links found. Page structure may have changed.
2026-05-19 22:35:30,501 - WARNING - Skipping this check due to fetch failure
2026-05-19 22:49:06,976 - INFO - Found 4 MMO job(s)
2026-05-19 22:49:06,977 - INFO - No changes detected
2026-05-19 22:49:06,977 - INFO - Next check at: 21:49:06 UTC
2026-05-19 22:49:06,979 - INFO - Found 6 MMO job(s)
2026-05-19 22:49:06,979 - INFO - NEW: Manager, Software Engineering – Automation MMO Sydney, Australia
2026-05-19 22:49:06,979 - INFO - NEW: Manager, Technical Art - Rendering MMO Sydney, Australia
2026-05-19 22:49:06,979 - INFO - NEW: Senior Technical Artist, Animation MMO Los Angeles, USA
2026-05-19 22:49:06,979 - INFO - NEW: Technical Producer MMO Sydney, Australia
2026-05-19 22:49:06,979 - INFO - NEW: Senior Backend Engineer - MMO Services MMO Seattle, USA
2026-05-19 22:49:06,979 - INFO - NEW: Lead Game Designer - MMO Content MMO Los Angeles, USA
2026-05-19 22:49:06,979 - INFO - Next check at: 21:49:06 UTC
2026-05-19 22:49:06,988 - INFO - Found 4 MMO job(s)
2026-05-19 22:49:06,989 - INFO - REMOVED: Old Job 1 MMO
2026-05-19 22:49:06,989 - INFO - REMOVED: Old Job 2 MMO
2026-05-19 22:49:06,989 - INFO - Next check at: 21:49:06 UTC
2026-05-19 22:49:06,990 - WARNING - No job links found. Page structure may have changed.
2026-05-19 22:49:06,990 - WARNING - Skipping this check due to fetch failure
2026-05-19 22:49:06,991 - WARNING - No job links found. Page structure may have changed.
2026-05-19 22:49:06,991 - WARNING - Skipping this check due to fetch failure
2026-05-19 22:50:23,193 - INFO - Found 4 MMO job(s)
2026-05-19 22:50:23,194 - INFO - No changes detected
2026-05-19 22:50:23,194 - INFO - Next check at: 21:50:23 UTC
2026-05-19 22:50:23,196 - INFO - Found 6 MMO job(s)
2026-05-19 22:50:23,197 - INFO - NEW: Manager, Software Engineering – Automation MMO Sydney, Australia
2026-05-19 22:50:23,197 - INFO - NEW: Manager, Technical Art - Rendering MMO Sydney, Australia
2026-05-19 22:50:23,197 - INFO - NEW: Senior Technical Artist, Animation MMO Los Angeles, USA
2026-05-19 22:50:23,197 - INFO - NEW: Technical Producer MMO Sydney, Australia
2026-05-19 22:50:23,197 - INFO - NEW: Senior Backend Engineer - MMO Services MMO Seattle, USA
2026-05-19 22:50:23,197 - INFO - NEW: Lead Game Designer - MMO Content MMO Los Angeles, USA
2026-05-19 22:50:23,197 - INFO - Next check at: 21:50:23 UTC
2026-05-19 22:50:23,206 - INFO - Found 4 MMO job(s)
2026-05-19 22:50:23,207 - INFO - REMOVED: Old Job 1 MMO
2026-05-19 22:50:23,207 - INFO - REMOVED: Old Job 2 MMO
2026-05-19 22:50:23,207 - INFO - Next check at: 21:50:23 UTC
2026-05-19 22:50:23,209 - WARNING - No job links found. Page structure may have changed.
2026-05-19 22:50:23,209 - WARNING - Skipping this check due to fetch failure
2026-05-19 22:50:23,210 - WARNING - No job links found. Page structure may have changed.
2026-05-19 22:50:23,210 - WARNING - Skipping this check due to fetch failure
2026-05-19 23:06:10,806 - INFO - Found 4 MMO job(s)
2026-05-19 23:06:11,246 - INFO - NEW: Manager, Software Engineering –  Automation & Build Systems, Unpublished R&D Product Software Engineering Group MMO Sydney, Australia
2026-05-19 23:06:11,724 - INFO - NEW: Manager, Technical Art - Rendering, Unpublished R&D Product Art MMO Sydney, Australia
2026-05-19 23:06:12,122 - INFO - NEW: Senior Technical Artist, Animation - Unpublished R&D Product Art MMO Los Angeles, USA
2026-05-19 23:06:12,636 - INFO - NEW: Technical Producer - Unpublished R&D Product Production Group MMO Sydney, Australia
2026-05-19 23:06:12,636 - INFO - Next check at: 22:06:12 UTC
2026-05-19 23:06:17,559 - INFO - Found 4 MMO job(s)
2026-05-19 23:06:17,568 - INFO - No changes detected
2026-05-19 23:06:17,568 - INFO - Next check at: 22:06:17 UTC
2026-05-19 23:22:56,169 - INFO - Found 4 MMO job(s)
2026-05-19 23:22:56,170 - INFO - No changes detected
2026-05-19 23:22:56,177 - INFO - Next check at: 22:22:56 UTC
2026-05-19 23:22:56,184 - INFO - Found 6 MMO job(s)
2026-05-19 23:22:56,190 - INFO - NEW: Manager, Software Engineering – Automation MMO Sydney, Australia
2026-05-19 23:22:56,696 - INFO - NEW: Manager, Technical Art - Rendering MMO Sydney, Australia
2026-05-19 23:22:57,203 - INFO - NEW: Senior Technical Artist, Animation MMO Los Angeles, USA
2026-05-19 23:22:57,709 - INFO - NEW: Technical Producer MMO Sydney, Australia
2026-05-19 23:22:58,210 - INFO - NEW: Senior Backend Engineer - MMO Services MMO Seattle, USA
2026-05-19 23:22:58,717 - INFO - NEW: Lead Game Designer - MMO Content MMO Los Angeles, USA
2026-05-19 23:22:59,223 - INFO - Next check at: 22:22:59 UTC
2026-05-19 23:22:59,238 - INFO - Found 4 MMO job(s)
2026-05-19 23:22:59,245 - INFO - REMOVED: Old Job 1 MMO
2026-05-19 23:22:59,750 - INFO - REMOVED: Old Job 2 MMO
2026-05-19 23:23:00,257 - INFO - Next check at: 22:23:00 UTC
2026-05-19 23:23:00,264 - WARNING - No job links found. Page structure may have changed.
2026-05-19 23:23:00,270 - WARNING - Skipping this check due to fetch failure
2026-05-19 23:23:00,275 - WARNING - No job links found. Page structure may have changed.
2026-05-19 23:23:00,281 - WARNING - Skipping this check due to fetch failure
2026-05-19 23:28:29,579 - INFO - Found 4 MMO job(s)
2026-05-19 23:28:29,580 - INFO - No changes detected
2026-05-19 23:28:29,580 - INFO - Next check at: 22:28:29 UTC
2026-05-19 23:28:29,582 - INFO - Found 6 MMO job(s)
2026-05-19 23:28:29,582 - INFO - NEW: Manager, Software Engineering – Automation MMO Sydney, Australia
2026-05-19 23:28:30,082 - INFO - NEW: Manager, Technical Art - Rendering MMO Sydney, Australia
2026-05-19 23:28:30,583 - INFO - NEW: Senior Technical Artist, Animation MMO Los Angeles, USA
2026-05-19 23:28:31,083 - INFO - NEW: Technical Producer MMO Sydney, Australia
2026-05-19 23:28:31,584 - INFO - NEW: Senior Backend Engineer - MMO Services MMO Seattle, USA
2026-05-19 23:28:32,084 - INFO - NEW: Lead Game Designer - MMO Content MMO Los Angeles, USA
2026-05-19 23:28:32,584 - INFO - Next check at: 22:28:32 UTC
2026-05-19 23:28:32,595 - INFO - Found 4 MMO job(s)
2026-05-19 23:28:32,595 - INFO - REMOVED: Old Job 1 MMO
2026-05-19 23:28:33,096 - INFO - REMOVED: Old Job 2 MMO
2026-05-19 23:28:33,597 - INFO - Next check at: 22:28:33 UTC
2026-05-19 23:28:33,599 - WARNING - No job links found. Page structure may have changed.
2026-05-19 23:28:33,599 - WARNING - Skipping this check due to fetch failure
2026-05-19 23:28:33,600 - WARNING - No job links found. Page structure may have changed.
2026-05-19 23:28:33,600 - WARNING - Skipping this check due to fetch failure
